<?xml version='1.0' encoding='UTF-8'?>
<dataset>
    <employee first_name="John"/>
</dataset>
